2025-03-04 12:17:10.262 UTC [1761] LOG:  starting PostgreSQL 14.15 (Ubuntu 14.15-1.pgdg20.04+1) on aarch64-unknown-linux-gnu, compiled by gcc (Ubuntu 9.4.0-1ubuntu1~20.04.2) 9.4.0, 64-bit
2025-03-04 12:17:10.262 UTC [1761] LOG:  listening on IPv4 address "127.0.0.1", port 5432
2025-03-04 12:17:10.267 UTC [1761] LOG:  listening on Unix socket "/var/run/postgresql/.s.PGSQL.5432"
2025-03-04 12:17:10.285 UTC [1898] LOG:  database system was shut down at 2025-03-04 12:17:08 UTC
2025-03-04 12:17:10.294 UTC [1761] LOG:  database system is ready to accept connections
2025-03-04 12:17:10.472 UTC [1983] FATAL:  no pg_hba.conf entry for host "[local]", user "root", database "root", no encryption
2025-03-04 12:17:10.837 UTC [2060] ERROR:  duplicate key value violates unique constraint "namespaces_pkey"
2025-03-04 12:17:10.837 UTC [2060] DETAIL:  Key (partition_id, id)=(54321, \x32049b68787240948e63d0dd59896a83) already exists.
2025-03-04 12:17:10.837 UTC [2060] STATEMENT:  INSERT INTO 
	 namespaces (partition_id, id, name, is_global, data, data_encoding, notification_version)
	 VALUES($1, $2, $3, $4, $5, $6, $7)
2025-03-07 06:52:53.144 UTC [1908] LOG:  could not open temporary statistics file "pg_stat_tmp/global.tmp": No such file or directory
2025-03-07 06:52:53.887 UTC [1908] LOG:  could not open temporary statistics file "pg_stat_tmp/global.tmp": No such file or directory
2025-03-07 06:52:53.887 UTC [1908] LOG:  could not open temporary statistics file "pg_stat_tmp/global.tmp": No such file or directory
2025-03-07 06:52:53.888 UTC [1908] LOG:  could not open temporary statistics file "pg_stat_tmp/global.tmp": No such file or directory
2025-03-07 06:52:53.888 UTC [1908] LOG:  could not open temporary statistics file "pg_stat_tmp/global.tmp": No such file or directory
2025-03-07 06:52:53.889 UTC [1908] LOG:  could not open temporary statistics file "pg_stat_tmp/global.tmp": No such file or directory
2025-03-07 06:52:53.889 UTC [1908] LOG:  could not open temporary statistics file "pg_stat_tmp/global.tmp": No such file or directory
2025-03-07 06:52:53.889 UTC [1908] LOG:  could not open temporary statistics file "pg_stat_tmp/global.tmp": No such file or directory
2025-03-07 06:52:53.890 UTC [1908] LOG:  could not open temporary statistics file "pg_stat_tmp/global.tmp": No such file or directory
2025-03-07 06:52:53.890 UTC [1908] LOG:  could not open temporary statistics file "pg_stat_tmp/global.tmp": No such file or directory
2025-03-07 06:52:53.890 UTC [1908] LOG:  could not open temporary statistics file "pg_stat_tmp/global.tmp": No such file or directory
2025-03-07 06:52:53.890 UTC [1908] LOG:  could not open temporary statistics file "pg_stat_tmp/global.tmp": No such file or directory
2025-03-07 06:52:53.890 UTC [1908] LOG:  could not open temporary statistics file "pg_stat_tmp/global.tmp": No such file or directory
2025-03-07 06:52:53.890 UTC [1908] LOG:  could not open temporary statistics file "pg_stat_tmp/global.tmp": No such file or directory
2025-03-07 06:52:53.891 UTC [1908] LOG:  could not open temporary statistics file "pg_stat_tmp/global.tmp": No such file or directory
2025-03-07 06:52:53.891 UTC [1908] LOG:  could not open temporary statistics file "pg_stat_tmp/global.tmp": No such file or directory
2025-03-07 06:52:53.891 UTC [1908] LOG:  could not open temporary statistics file "pg_stat_tmp/global.tmp": No such file or directory
2025-03-07 06:52:53.891 UTC [1908] LOG:  could not open temporary statistics file "pg_stat_tmp/global.tmp": No such file or directory
2025-03-07 06:52:53.891 UTC [1908] LOG:  could not open temporary statistics file "pg_stat_tmp/global.tmp": No such file or directory
2025-03-07 06:52:53.891 UTC [1908] LOG:  could not open temporary statistics file "pg_stat_tmp/global.tmp": No such file or directory
2025-03-07 06:52:53.891 UTC [1908] LOG:  could not open temporary statistics file "pg_stat_tmp/global.tmp": No such file or directory
2025-03-07 06:52:53.891 UTC [1908] LOG:  could not open temporary statistics file "pg_stat_tmp/global.tmp": No such file or directory
2025-03-07 06:52:53.891 UTC [1908] LOG:  could not open temporary statistics file "pg_stat_tmp/global.tmp": No such file or directory
2025-03-07 06:52:53.891 UTC [1908] LOG:  could not open temporary statistics file "pg_stat_tmp/global.tmp": No such file or directory
2025-03-07 06:52:53.896 UTC [1908] LOG:  could not open temporary statistics file "pg_stat_tmp/global.tmp": No such file or directory
2025-03-07 06:52:53.896 UTC [1908] LOG:  could not open temporary statistics file "pg_stat_tmp/global.tmp": No such file or directory
2025-03-07 06:52:54.058 UTC [1908] LOG:  could not open temporary statistics file "pg_stat_tmp/global.tmp": No such file or directory
2025-03-07 06:52:54.058 UTC [1908] LOG:  could not open temporary statistics file "pg_stat_tmp/global.tmp": No such file or directory
2025-03-07 06:52:54.058 UTC [1908] LOG:  could not open temporary statistics file "pg_stat_tmp/global.tmp": No such file or directory
2025-03-07 06:52:54.058 UTC [1908] LOG:  could not open temporary statistics file "pg_stat_tmp/global.tmp": No such file or directory
2025-03-07 06:52:54.644 UTC [1908] LOG:  could not open temporary statistics file "pg_stat_tmp/global.tmp": No such file or directory
2025-03-07 06:52:54.645 UTC [1908] LOG:  could not open temporary statistics file "pg_stat_tmp/global.tmp": No such file or directory
2025-03-07 06:52:55.394 UTC [1908] LOG:  could not open temporary statistics file "pg_stat_tmp/global.tmp": No such file or directory
2025-03-07 06:52:55.394 UTC [1908] LOG:  could not open temporary statistics file "pg_stat_tmp/global.tmp": No such file or directory
2025-03-07 06:52:55.990 UTC [1908] LOG:  could not open temporary statistics file "pg_stat_tmp/global.tmp": No such file or directory
2025-03-07 06:52:55.991 UTC [1908] LOG:  could not open temporary statistics file "pg_stat_tmp/global.tmp": No such file or directory
2025-03-07 06:52:55.991 UTC [1908] LOG:  could not open temporary statistics file "pg_stat_tmp/global.tmp": No such file or directory
2025-03-07 06:52:55.991 UTC [1908] LOG:  could not open temporary statistics file "pg_stat_tmp/global.tmp": No such file or directory
2025-03-07 06:52:56.138 UTC [1908] LOG:  could not open temporary statistics file "pg_stat_tmp/global.tmp": No such file or directory
2025-03-07 06:52:56.139 UTC [1908] LOG:  could not open temporary statistics file "pg_stat_tmp/global.tmp": No such file or directory
2025-03-07 06:52:56.160 UTC [1908] LOG:  could not open temporary statistics file "pg_stat_tmp/global.tmp": No such file or directory
2025-03-07 06:52:56.160 UTC [1908] LOG:  could not open temporary statistics file "pg_stat_tmp/global.tmp": No such file or directory
2025-03-07 06:52:56.944 UTC [1908] LOG:  could not open temporary statistics file "pg_stat_tmp/global.tmp": No such file or directory
2025-03-07 06:52:56.944 UTC [1908] LOG:  could not open temporary statistics file "pg_stat_tmp/global.tmp": No such file or directory
2025-03-07 06:52:57.691 UTC [1908] LOG:  could not open temporary statistics file "pg_stat_tmp/global.tmp": No such file or directory
2025-03-07 06:52:57.692 UTC [1908] LOG:  could not open temporary statistics file "pg_stat_tmp/global.tmp": No such file or directory
2025-03-07 06:52:58.102 UTC [1908] LOG:  could not open temporary statistics file "pg_stat_tmp/global.tmp": No such file or directory
2025-03-07 06:52:58.102 UTC [1908] LOG:  could not open temporary statistics file "pg_stat_tmp/global.tmp": No such file or directory
2025-03-07 06:52:58.102 UTC [1908] LOG:  could not open temporary statistics file "pg_stat_tmp/global.tmp": No such file or directory
2025-03-07 06:52:58.102 UTC [1908] LOG:  could not open temporary statistics file "pg_stat_tmp/global.tmp": No such file or directory
2025-03-07 06:52:58.102 UTC [1908] LOG:  could not open temporary statistics file "pg_stat_tmp/global.tmp": No such file or directory
2025-03-07 06:52:58.103 UTC [1908] LOG:  could not open temporary statistics file "pg_stat_tmp/global.tmp": No such file or directory
2025-03-07 06:52:58.103 UTC [1908] LOG:  could not open temporary statistics file "pg_stat_tmp/global.tmp": No such file or directory
2025-03-07 06:52:58.103 UTC [1908] LOG:  could not open temporary statistics file "pg_stat_tmp/global.tmp": No such file or directory
2025-03-07 06:52:58.103 UTC [1908] LOG:  could not open temporary statistics file "pg_stat_tmp/global.tmp": No such file or directory
2025-03-07 06:52:58.440 UTC [1908] LOG:  could not open temporary statistics file "pg_stat_tmp/global.tmp": No such file or directory
2025-03-07 06:52:58.440 UTC [1908] LOG:  could not open temporary statistics file "pg_stat_tmp/global.tmp": No such file or directory
2025-03-07 06:52:59.198 UTC [1908] LOG:  could not open temporary statistics file "pg_stat_tmp/global.tmp": No such file or directory
2025-03-07 06:52:59.199 UTC [1908] LOG:  could not open temporary statistics file "pg_stat_tmp/global.tmp": No such file or directory
2025-03-07 06:52:59.253 UTC [1908] LOG:  could not open temporary statistics file "pg_stat_tmp/global.tmp": No such file or directory
2025-03-07 06:52:59.253 UTC [1908] LOG:  could not open temporary statistics file "pg_stat_tmp/global.tmp": No such file or directory
2025-03-07 06:52:59.956 UTC [1908] LOG:  could not open temporary statistics file "pg_stat_tmp/global.tmp": No such file or directory
2025-03-07 06:52:59.957 UTC [1908] LOG:  could not open temporary statistics file "pg_stat_tmp/global.tmp": No such file or directory
2025-03-07 06:53:00.711 UTC [1908] LOG:  could not open temporary statistics file "pg_stat_tmp/global.tmp": No such file or directory
2025-03-07 06:53:00.711 UTC [1908] LOG:  could not open temporary statistics file "pg_stat_tmp/global.tmp": No such file or directory
2025-03-07 06:53:01.470 UTC [1908] LOG:  could not open temporary statistics file "pg_stat_tmp/global.tmp": No such file or directory
2025-03-07 06:53:01.470 UTC [1908] LOG:  could not open temporary statistics file "pg_stat_tmp/global.tmp": No such file or directory
2025-03-07 06:53:01.629 UTC [1908] LOG:  could not open temporary statistics file "pg_stat_tmp/global.tmp": No such file or directory
2025-03-07 06:53:01.629 UTC [1908] LOG:  could not open temporary statistics file "pg_stat_tmp/global.tmp": No such file or directory
2025-03-07 06:53:02.239 UTC [1908] LOG:  could not open temporary statistics file "pg_stat_tmp/global.tmp": No such file or directory
2025-03-07 06:53:02.239 UTC [1908] LOG:  could not open temporary statistics file "pg_stat_tmp/global.tmp": No such file or directory
