2025-10-29 06:05:29 [HikariPool-1 housekeeper] WARN  com.zaxxer.hikari.pool.HikariPool - HikariPool-1 - Thread starvation or clock leap detected (housekeeper delta=1h41m6s931ms).
2025-10-29 07:26:21 [HikariPool-1 housekeeper] WARN  com.zaxxer.hikari.pool.HikariPool - HikariPool-1 - Thread starvation or clock leap detected (housekeeper delta=1h20m51s317ms).
2025-10-29 08:15:47 [HikariPool-1 housekeeper] WARN  com.zaxxer.hikari.pool.HikariPool - HikariPool-1 - Thread starvation or clock leap detected (housekeeper delta=49m26s833ms).
2025-10-29 08:55:07 [HikariPool-1 housekeeper] WARN  com.zaxxer.hikari.pool.HikariPool - HikariPool-1 - Thread starvation or clock leap detected (housekeeper delta=39m19s745ms).
2025-10-29 09:16:58 [HikariPool-1 housekeeper] WARN  com.zaxxer.hikari.pool.HikariPool - HikariPool-1 - Thread starvation or clock leap detected (housekeeper delta=17m21s146ms).
2025-10-29 10:10:33 [HikariPool-1 housekeeper] WARN  com.zaxxer.hikari.pool.HikariPool - HikariPool-1 - Thread starvation or clock leap detected (housekeeper delta=53m34s882ms).
2025-10-29 10:32:33 [HikariPool-1 housekeeper] WARN  com.zaxxer.hikari.pool.HikariPool - HikariPool-1 - Thread starvation or clock leap detected (housekeeper delta=22m253ms).
2025-10-29 10:55:21 [HikariPool-1 housekeeper] WARN  com.zaxxer.hikari.pool.HikariPool - HikariPool-1 - Thread starvation or clock leap detected (housekeeper delta=12m17s839ms).
2025-10-29 11:33:03 [SpringApplicationShutdownHook] DEBUG o.s.b.a.ApplicationAvailabilityBean - Application availability state ReadinessState changed from ACCEPTING_TRAFFIC to REFUSING_TRAFFIC
2025-10-29 11:33:03 [SpringApplicationShutdownHook] DEBUG o.s.b.w.s.c.AnnotationConfigServletWebServerApplicationContext - Closing org.springframework.boot.web.servlet.context.AnnotationConfigServletWebServerApplicationContext@51da99f5, started on Mon Oct 06 13:02:27 IST 2025
2025-10-29 11:33:03 [SpringApplicationShutdownHook] DEBUG o.s.c.s.DefaultLifecycleProcessor - Stopping beans in phase 2147483647
2025-10-29 11:33:03 [SpringApplicationShutdownHook] DEBUG o.s.c.s.DefaultLifecycleProcessor - Bean 'applicationTaskExecutor' completed its stop procedure
2025-10-29 11:33:03 [SpringApplicationShutdownHook] DEBUG o.s.c.s.DefaultLifecycleProcessor - Stopping beans in phase 2147483547
2025-10-29 11:33:03 [SpringApplicationShutdownHook] DEBUG o.s.c.s.DefaultLifecycleProcessor - Bean 'org.springframework.kafka.config.internalKafkaListenerEndpointRegistry' completed its stop procedure
2025-10-29 11:33:03 [SpringApplicationShutdownHook] DEBUG o.s.c.s.DefaultLifecycleProcessor - Stopping beans in phase 2147482623
2025-10-29 11:33:03 [SpringApplicationShutdownHook] DEBUG o.s.c.s.DefaultLifecycleProcessor - Bean 'webServerGracefulShutdown' completed its stop procedure
2025-10-29 11:33:03 [SpringApplicationShutdownHook] DEBUG o.s.c.s.DefaultLifecycleProcessor - Stopping beans in phase 2147481599
2025-10-29 11:33:03 [SpringApplicationShutdownHook] DEBUG o.s.c.s.DefaultLifecycleProcessor - Bean 'webServerStartStop' completed its stop procedure
2025-10-29 11:33:03 [SpringApplicationShutdownHook] DEBUG o.s.c.s.DefaultLifecycleProcessor - Stopping beans in phase -2147483647
2025-10-29 11:33:03 [SpringApplicationShutdownHook] DEBUG o.s.c.s.DefaultLifecycleProcessor - Bean 'springBootLoggingLifecycle' completed its stop procedure
2025-10-29 11:33:03 [SpringApplicationShutdownHook] DEBUG o.s.c.s.DefaultLifecycleProcessor - Stopping beans in phase -2147483648
2025-10-29 11:33:03 [SpringApplicationShutdownHook] DEBUG o.s.c.s.DefaultLifecycleProcessor - Bean 'producerFactory' completed its stop procedure
2025-10-29 11:33:03 [SpringApplicationShutdownHook] DEBUG o.s.b.a.e.jmx.JmxEndpointExporter - Unregister endpoint with ObjectName 'org.springframework.boot:type=Endpoint,name=Beans' from the JMX domain
2025-10-29 11:33:03 [SpringApplicationShutdownHook] DEBUG o.s.b.a.e.jmx.JmxEndpointExporter - Unregister endpoint with ObjectName 'org.springframework.boot:type=Endpoint,name=Caches' from the JMX domain
2025-10-29 11:33:03 [SpringApplicationShutdownHook] DEBUG o.s.b.a.e.jmx.JmxEndpointExporter - Unregister endpoint with ObjectName 'org.springframework.boot:type=Endpoint,name=Health' from the JMX domain
2025-10-29 11:33:03 [SpringApplicationShutdownHook] DEBUG o.s.b.a.e.jmx.JmxEndpointExporter - Unregister endpoint with ObjectName 'org.springframework.boot:type=Endpoint,name=Info' from the JMX domain
2025-10-29 11:33:03 [SpringApplicationShutdownHook] DEBUG o.s.b.a.e.jmx.JmxEndpointExporter - Unregister endpoint with ObjectName 'org.springframework.boot:type=Endpoint,name=Conditions' from the JMX domain
2025-10-29 11:33:03 [SpringApplicationShutdownHook] DEBUG o.s.b.a.e.jmx.JmxEndpointExporter - Unregister endpoint with ObjectName 'org.springframework.boot:type=Endpoint,name=Configprops' from the JMX domain
2025-10-29 11:33:03 [SpringApplicationShutdownHook] DEBUG o.s.b.a.e.jmx.JmxEndpointExporter - Unregister endpoint with ObjectName 'org.springframework.boot:type=Endpoint,name=Env' from the JMX domain
2025-10-29 11:33:03 [SpringApplicationShutdownHook] DEBUG o.s.b.a.e.jmx.JmxEndpointExporter - Unregister endpoint with ObjectName 'org.springframework.boot:type=Endpoint,name=Loggers' from the JMX domain
2025-10-29 11:33:03 [SpringApplicationShutdownHook] DEBUG o.s.b.a.e.jmx.JmxEndpointExporter - Unregister endpoint with ObjectName 'org.springframework.boot:type=Endpoint,name=Threaddump' from the JMX domain
2025-10-29 11:33:03 [SpringApplicationShutdownHook] DEBUG o.s.b.a.e.jmx.JmxEndpointExporter - Unregister endpoint with ObjectName 'org.springframework.boot:type=Endpoint,name=Metrics' from the JMX domain
2025-10-29 11:33:03 [SpringApplicationShutdownHook] DEBUG o.s.b.a.e.jmx.JmxEndpointExporter - Unregister endpoint with ObjectName 'org.springframework.boot:type=Endpoint,name=Sbom' from the JMX domain
2025-10-29 11:33:03 [SpringApplicationShutdownHook] DEBUG o.s.b.a.e.jmx.JmxEndpointExporter - Unregister endpoint with ObjectName 'org.springframework.boot:type=Endpoint,name=Scheduledtasks' from the JMX domain
2025-10-29 11:33:03 [SpringApplicationShutdownHook] DEBUG o.s.b.a.e.jmx.JmxEndpointExporter - Unregister endpoint with ObjectName 'org.springframework.boot:type=Endpoint,name=Mappings' from the JMX domain
2025-10-29 11:33:03 [SpringApplicationShutdownHook] DEBUG o.s.j.e.a.AnnotationMBeanExporter - Unregistering JMX-exposed beans on shutdown
2025-10-29 11:33:03 [SpringApplicationShutdownHook] DEBUG o.s.j.e.a.AnnotationMBeanExporter - Unregistering JMX-exposed beans
2025-10-29 11:33:03 [SpringApplicationShutdownHook] DEBUG o.s.s.c.ThreadPoolTaskExecutor - Shutting down ExecutorService 'applicationTaskExecutor'
2025-10-29 11:33:03 [SpringApplicationShutdownHook] INFO  o.s.o.j.LocalContainerEntityManagerFactoryBean - Closing JPA EntityManagerFactory for persistence unit 'default'
2025-10-29 11:33:03 [SpringApplicationShutdownHook] INFO  com.zaxxer.hikari.HikariDataSource - HikariPool-1 - Shutdown initiated...
2025-10-29 11:33:03 [SpringApplicationShutdownHook] INFO  com.zaxxer.hikari.HikariDataSource - HikariPool-1 - Shutdown completed.
2025-10-29 11:33:03 [SpringApplicationShutdownHook] DEBUG o.s.b.f.s.DisposableBeanAdapter - Custom destroy method 'close' on bean with name 'simpleMeterRegistry' completed
