2025-03-04 12:17:08,928 CRIT Supervisor is running as root.  Privileges were not dropped because no user is specified in the config file.  If you intend to run as root, you can set user=root in the config file to avoid this message.
2025-03-04 12:17:08,928 INFO Included extra file "/tmp/appsmith/supervisor-conf.d/alloy.conf" during parsing
2025-03-04 12:17:08,928 INFO Included extra file "/tmp/appsmith/supervisor-conf.d/amc.conf" during parsing
2025-03-04 12:17:08,928 INFO Included extra file "/tmp/appsmith/supervisor-conf.d/backend.conf" during parsing
2025-03-04 12:17:08,928 INFO Included extra file "/tmp/appsmith/supervisor-conf.d/editor.conf" during parsing
2025-03-04 12:17:08,928 INFO Included extra file "/tmp/appsmith/supervisor-conf.d/keycloak.conf" during parsing
2025-03-04 12:17:08,928 INFO Included extra file "/tmp/appsmith/supervisor-conf.d/mongodb.conf" during parsing
2025-03-04 12:17:08,928 INFO Included extra file "/tmp/appsmith/supervisor-conf.d/postgres.conf" during parsing
2025-03-04 12:17:08,928 INFO Included extra file "/tmp/appsmith/supervisor-conf.d/redis.conf" during parsing
2025-03-04 12:17:08,928 INFO Included extra file "/tmp/appsmith/supervisor-conf.d/rts.conf" during parsing
2025-03-04 12:17:08,928 INFO Included extra file "/tmp/appsmith/supervisor-conf.d/temporal.conf" during parsing
2025-03-04 12:17:08,933 INFO RPC interface 'supervisor' initialized
2025-03-04 12:17:09,234 INFO RPC interface 'supervisor' initialized
2025-03-04 12:17:09,234 CRIT Server 'unix_http_server' running without any HTTP authentication checking
2025-03-04 12:17:09,234 INFO supervisord started with pid 1
2025-03-04 12:17:10,239 INFO spawned: 'stdout' with pid 1760
2025-03-04 12:17:10,241 INFO spawned: 'postgres' with pid 1761
2025-03-04 12:17:10,243 INFO spawned: 'redis' with pid 1762
2025-03-04 12:17:10,245 INFO spawned: 'keycloak' with pid 1764
2025-03-04 12:17:10,250 INFO spawned: 'mongodb' with pid 1765
2025-03-04 12:17:10,254 INFO spawned: 'temporal' with pid 1773
2025-03-04 12:17:10,257 INFO spawned: 'rts' with pid 1785
2025-03-04 12:17:10,260 INFO spawned: 'backend' with pid 1797
2025-03-04 12:17:10,265 INFO spawned: 'editor' with pid 1821
2025-03-04 12:17:10,268 INFO spawned: 'alloy' with pid 1836
2025-03-04 12:17:10,272 INFO spawned: 'amc' with pid 1853
2025-03-04 12:17:10,277 INFO success: redis entered RUNNING state, process has stayed up for > than 0 seconds (startsecs)
2025-03-04 12:17:10,278 INFO success: rts entered RUNNING state, process has stayed up for > than 0 seconds (startsecs)
2025-03-04 12:17:10,279 INFO success: editor entered RUNNING state, process has stayed up for > than 0 seconds (startsecs)
2025-03-04 12:17:10,279 INFO success: alloy entered RUNNING state, process has stayed up for > than 0 seconds (startsecs)
2025-03-04 12:17:10,284 INFO exited: amc (terminated by SIGTRAP; not expected)
2025-03-04 12:17:10,434 INFO reaped unknown pid 83
2025-03-04 12:17:11,296 INFO success: stdout entered RUNNING state, process has stayed up for > than 1 seconds (startsecs)
2025-03-04 12:17:11,298 INFO success: postgres entered RUNNING state, process has stayed up for > than 1 seconds (startsecs)
2025-03-04 12:17:11,300 INFO spawned: 'amc' with pid 2114
2025-03-04 12:17:11,302 INFO exited: amc (terminated by SIGTRAP; not expected)
2025-03-04 12:17:12,738 INFO reaped unknown pid 112
2025-03-04 12:17:13,366 INFO spawned: 'amc' with pid 2261
2025-03-04 12:17:13,377 INFO exited: amc (terminated by SIGTRAP; not expected)
2025-03-04 12:17:16,444 INFO spawned: 'amc' with pid 2344
2025-03-04 12:17:16,451 INFO exited: amc (terminated by SIGTRAP; not expected)
2025-03-04 12:17:16,452 INFO gave up: amc entered FATAL state, too many start retries too quickly
2025-03-04 12:17:20,407 INFO success: keycloak entered RUNNING state, process has stayed up for > than 10 seconds (startsecs)
2025-03-04 12:17:20,407 INFO success: mongodb entered RUNNING state, process has stayed up for > than 10 seconds (startsecs)
2025-03-04 12:17:20,407 INFO success: temporal entered RUNNING state, process has stayed up for > than 10 seconds (startsecs)
2025-03-04 12:17:30,485 INFO success: backend entered RUNNING state, process has stayed up for > than 20 seconds (startsecs)
