2025-03-04T12:17:10.261Z Load environment configuration
2025-03-04T12:17:11.743 server info: ===================================================================
2025-03-04T12:17:11.744 server info: scimgateway[server] accepting requests from all clients
2025-03-04T12:17:11.745 server info: scimgateway[server] now listening SCIM 2.0 on port 8886...

Using sqlite database
Checking if Backend server is running...
RTS version v1.60 running at http://localhost:8091
Backend server is not running. Retrying attempt 1/50 in 20 seconds...
Checking if Backend server is running...
Backend server is running.
Checking if Temporal server is running...
Temporal server is running.
Instance: Connection {
  options: {
    address: 'localhost:7233',
    credentials: InsecureChannelCredentialsImpl {
      callCredentials: EmptyCallCredentials {}
    },
    channelArgs: {
      'grpc.keepalive_permit_without_calls': 1,
      'grpc.keepalive_time_ms': 30000,
      'grpc.keepalive_timeout_ms': 15000
    },
    interceptors: [ [Function (anonymous)] ],
    metadata: {
      'client-name': 'temporal-typescript',
      'client-version': '1.10.1'
    },
    connectTimeoutMs: 10000
  },
  client: ServiceClientImpl {
    [Symbol()]: [],
    [Symbol()]: [],
    [Symbol()]: undefined,
    [Symbol()]: ChannelImplementation { internalChannel: [InternalChannel] }
  },
  workflowService: Service {
    _listeners: {},
    rpcImpl: [Function (anonymous)],
    requestDelimited: false,
    responseDelimited: false,
    registerNamespace: [Function: registerNamespace],
    describeNamespace: [Function: describeNamespace],
    listNamespaces: [Function: listNamespaces],
    updateNamespace: [Function: updateNamespace],
    deprecateNamespace: [Function: deprecateNamespace],
    startWorkflowExecution: [Function: startWorkflowExecution],
    executeMultiOperation: [Function: executeMultiOperation],
    getWorkflowExecutionHistory: [Function: getWorkflowExecutionHistory],
    getWorkflowExecutionHistoryReverse: [Function: getWorkflowExecutionHistoryReverse],
    pollWorkflowTaskQueue: [Function: pollWorkflowTaskQueue],
    respondWorkflowTaskCompleted: [Function: respondWorkflowTaskCompleted],
    respondWorkflowTaskFailed: [Function: respondWorkflowTaskFailed],
    pollActivityTaskQueue: [Function: pollActivityTaskQueue],
    recordActivityTaskHeartbeat: [Function: recordActivityTaskHeartbeat],
    recordActivityTaskHeartbeatById: [Function: recordActivityTaskHeartbeatById],
    respondActivityTaskCompleted: [Function: respondActivityTaskCompleted],
    respondActivityTaskCompletedById: [Function: respondActivityTaskCompletedById],
    respondActivityTaskFailed: [Function: respondActivityTaskFailed],
    respondActivityTaskFailedById: [Function: respondActivityTaskFailedById],
    respondActivityTaskCanceled: [Function: respondActivityTaskCanceled],
    respondActivityTaskCanceledById: [Function: respondActivityTaskCanceledById],
    requestCancelWorkflowExecution: [Function: requestCancelWorkflowExecution],
    signalWorkflowExecution: [Function: signalWorkflowExecution],
    signalWithStartWorkflowExecution: [Function: signalWithStartWorkflowExecution],
    resetWorkflowExecution: [Function: resetWorkflowExecution],
    terminateWorkflowExecution: [Function: terminateWorkflowExecution],
    deleteWorkflowExecution: [Function: deleteWorkflowExecution],
    listOpenWorkflowExecutions: [Function: listOpenWorkflowExecutions],
    listClosedWorkflowExecutions: [Function: listClosedWorkflowExecutions],
    listWorkflowExecutions: [Function: listWorkflowExecutions],
    listArchivedWorkflowExecutions: [Function: listArchivedWorkflowExecutions],
    scanWorkflowExecutions: [Function: scanWorkflowExecutions],
    countWorkflowExecutions: [Function: countWorkflowExecutions],
    getSearchAttributes: [Function: getSearchAttributes],
    respondQueryTaskCompleted: [Function: respondQueryTaskCompleted],
    resetStickyTaskQueue: [Function: resetStickyTaskQueue],
    queryWorkflow: [Function: queryWorkflow],
    describeWorkflowExecution: [Function: describeWorkflowExecution],
    describeTaskQueue: [Function: describeTaskQueue],
    getClusterInfo: [Function: getClusterInfo],
    getSystemInfo: [Function: getSystemInfo],
    listTaskQueuePartitions: [Function: listTaskQueuePartitions],
    createSchedule: [Function: createSchedule],
    describeSchedule: [Function: describeSchedule],
    updateSchedule: [Function: updateSchedule],
    patchSchedule: [Function: patchSchedule],
    listScheduleMatchingTimes: [Function: listScheduleMatchingTimes],
    deleteSchedule: [Function: deleteSchedule],
    listSchedules: [Function: listSchedules],
    updateWorkerBuildIdCompatibility: [Function: updateWorkerBuildIdCompatibility],
    getWorkerBuildIdCompatibility: [Function: getWorkerBuildIdCompatibility],
    updateWorkerVersioningRules: [Function: updateWorkerVersioningRules],
    getWorkerVersioningRules: [Function: getWorkerVersioningRules],
    getWorkerTaskReachability: [Function: getWorkerTaskReachability],
    updateWorkflowExecution: [Function: updateWorkflowExecution],
    pollWorkflowExecutionUpdate: [Function: pollWorkflowExecutionUpdate],
    startBatchOperation: [Function: startBatchOperation],
    stopBatchOperation: [Function: stopBatchOperation],
    describeBatchOperation: [Function: describeBatchOperation],
    listBatchOperations: [Function: listBatchOperations],
    pollNexusTaskQueue: [Function: pollNexusTaskQueue],
    respondNexusTaskCompleted: [Function: respondNexusTaskCompleted],
    respondNexusTaskFailed: [Function: respondNexusTaskFailed]
  },
  operatorService: Service {
    _listeners: {},
    rpcImpl: [Function (anonymous)],
    requestDelimited: false,
    responseDelimited: false,
    addSearchAttributes: [Function: addSearchAttributes],
    removeSearchAttributes: [Function: removeSearchAttributes],
    listSearchAttributes: [Function: listSearchAttributes],
    deleteNamespace: [Function: deleteNamespace],
    addOrUpdateRemoteCluster: [Function: addOrUpdateRemoteCluster],
    removeRemoteCluster: [Function: removeRemoteCluster],
    listClusters: [Function: listClusters],
    getNexusEndpoint: [Function: getNexusEndpoint],
    createNexusEndpoint: [Function: createNexusEndpoint],
    updateNexusEndpoint: [Function: updateNexusEndpoint],
    deleteNexusEndpoint: [Function: deleteNexusEndpoint],
    listNexusEndpoints: [Function: listNexusEndpoints]
  },
  healthService: Service {
    _listeners: {},
    rpcImpl: [Function (anonymous)],
    requestDelimited: false,
    responseDelimited: false,
    check: [Function: check],
    watch: [Function: watch]
  },
  callContextStorage: AsyncLocalStorage {
    kResourceStore: Symbol(kResourceStore),
    enabled: true
  },
  apiKeyFnRef: {},
  connectPromise: Promise {
    undefined,
    [Symbol(async_id_symbol)]: 233,
    [Symbol(trigger_async_id_symbol)]: 42,
    [Symbol(kResourceStore)]: undefined
  }
}
healthResponse {
  "success": true,
  "message": "Temporal server is serving",
  "data": {
    "temporalHealth": "SERVING",
    "namespaces": [
      {
        "namespace": "default",
        "appsmithSearchAttributes": [
          "appsmithWorkflowId"
        ]
      },
      {
        "namespace": "appsmith-test",
        "appsmithSearchAttributes": [
          "appsmithWorkflowId"
        ]
      }
    ],
    "persistenceStore": "postgres12",
    "visibilityStore": "postgres12"
  }
}
time 2025-03-04T12:17:32.374Z
