Not able to connect to Backend server: connect ECONNREFUSED 127.0.0.1:8080
2025-03-04T12:17:32.391Z [INFO] Creating worker {
  sdkComponent: 'worker',
  taskQueue: 'appsmith-queue',
  options: {
    namespace: 'default',
    identity: '1785@ce6a7e9a2761',
    useVersioning: false,
    buildId: undefined,
    shutdownGraceTime: 0,
    maxConcurrentLocalActivityExecutions: 100,
    enableNonLocalActivities: true,
    maxConcurrentWorkflowTaskPolls: 10,
    maxConcurrentActivityTaskPolls: 10,
    stickyQueueScheduleToStartTimeout: '10s',
    maxHeartbeatThrottleInterval: '60s',
    defaultHeartbeatThrottleInterval: '30s',
    isolateExecutionTimeout: '5s',
    workflowThreadPoolSize: 1,
    maxCachedWorkflows: 1110,
    showStackTraceSources: false,
    debugMode: false,
    interceptors: { activity: [], workflowModules: [] },
    nonStickyToStickyPollRatio: 0.2,
    sinks: { __temporal_logger: [Object] },
    connection: NativeConnection {
      nativeClient: [External: efbfa80],
      referenceHolders: Set(0) {}
    },
    taskQueue: 'appsmith-queue',
    workflowsPath: '/opt/appsmith/rts/bundle/workflows.js',
    activities: Map(6) {
      'appsmithLog' => [Function: appsmithLog],
      'clearQuery' => [AsyncFunction: clearQuery],
      'createWorkflowRequest' => [AsyncFunction: createWorkflowRequest],
      'executeActivity' => [AsyncFunction: executeActivity],
      'sendAnalyticsEventFromTemporal' => [AsyncFunction: sendAnalyticsEventFromTemporal],
      'triggerScheduledWorkflow' => [AsyncFunction: triggerScheduledWorkflow]
    },
    reuseV8Context: true,
    maxConcurrentWorkflowTaskExecutions: 40,
    maxConcurrentActivityTaskExecutions: 100,
    shutdownGraceTimeMs: 0,
    shutdownForceTimeMs: undefined,
    stickyQueueScheduleToStartTimeoutMs: 10000,
    isolateExecutionTimeoutMs: 5000,
    maxHeartbeatThrottleIntervalMs: 60000,
    defaultHeartbeatThrottleIntervalMs: 30000,
    loadedDataConverter: {
      payloadConverter: [DefaultPayloadConverter],
      failureConverter: [DefaultFailureConverter],
      payloadCodecs: []
    }
  }
}
2025-03-04T12:17:33.031Z [INFO] asset workflow-bundle-059d600e74b8f6394ea6.js 842 KiB [emitted] [immutable] (name: main)
runtime modules 937 bytes 4 modules
modules by path ./rts/node_modules/@temporalio/ 201 KiB
  modules by path ./rts/node_modules/@temporalio/common/lib/ 80.9 KiB
    modules by path ./rts/node_modules/@temporalio/common/lib/*.js 56.3 KiB 16 modules
    modules by path ./rts/node_modules/@temporalio/common/lib/converter/*.js 24.7 KiB 5 modules
  modules by path ./rts/node_modules/@temporalio/workflow/ 120 KiB
    ./rts/node_modules/@temporalio/workflow/lib/worker-interface.js 11.7 KiB [built] [code generated]
    + 15 modules
modules by path ./rts/bundle/ 9.54 KiB
  ./rts/bundle/workflows-autogenerated-entrypoint.cjs 343 bytes [built] [code generated]
  ./rts/bundle/workflows.js 9.21 KiB [built] [code generated]
__temporal_custom_payload_converter (ignored) 15 bytes [built] [code generated]
__temporal_custom_failure_converter (ignored) 15 bytes [built] [code generated]
./rts/node_modules/long/umd/index.js 43.1 KiB [built] [code generated]
./rts/node_modules/ms/dist/index.cjs 3.41 KiB [built] [code generated]
webpack 5.97.1 compiled successfully in 411 ms { sdkComponent: 'worker', taskQueue: 'appsmith-queue' }
2025-03-04T12:17:33.033Z [INFO] Workflow bundle created { sdkComponent: 'worker', taskQueue: 'appsmith-queue', size: '0.82MB' }
2025-03-04T12:17:33.112Z [INFO] Creating worker {
  sdkComponent: 'worker',
  taskQueue: 'appsmith-test-queue',
  options: {
    namespace: 'appsmith-test',
    identity: '1785@ce6a7e9a2761',
    useVersioning: false,
    buildId: undefined,
    shutdownGraceTime: 0,
    maxConcurrentLocalActivityExecutions: 100,
    enableNonLocalActivities: true,
    maxConcurrentWorkflowTaskPolls: 10,
    maxConcurrentActivityTaskPolls: 10,
    stickyQueueScheduleToStartTimeout: '10s',
    maxHeartbeatThrottleInterval: '60s',
    defaultHeartbeatThrottleInterval: '30s',
    isolateExecutionTimeout: '5s',
    workflowThreadPoolSize: 1,
    maxCachedWorkflows: 1110,
    showStackTraceSources: false,
    debugMode: false,
    interceptors: { activity: [], workflowModules: [] },
    nonStickyToStickyPollRatio: 0.2,
    sinks: { __temporal_logger: [Object] },
    connection: NativeConnection {
      nativeClient: [External: f011440],
      referenceHolders: Set(0) {}
    },
    taskQueue: 'appsmith-test-queue',
    workflowsPath: '/opt/appsmith/rts/bundle/workflows.js',
    activities: Map(6) {
      'appsmithLog' => [Function: appsmithLog],
      'clearQuery' => [AsyncFunction: clearQuery],
      'createWorkflowRequest' => [AsyncFunction: createWorkflowRequest],
      'executeActivity' => [AsyncFunction: executeActivity],
      'sendAnalyticsEventFromTemporal' => [AsyncFunction: sendAnalyticsEventFromTemporal],
      'triggerScheduledWorkflow' => [AsyncFunction: triggerScheduledWorkflow]
    },
    reuseV8Context: true,
    maxConcurrentWorkflowTaskExecutions: 40,
    maxConcurrentActivityTaskExecutions: 100,
    shutdownGraceTimeMs: 0,
    shutdownForceTimeMs: undefined,
    stickyQueueScheduleToStartTimeoutMs: 10000,
    isolateExecutionTimeoutMs: 5000,
    maxHeartbeatThrottleIntervalMs: 60000,
    defaultHeartbeatThrottleIntervalMs: 30000,
    loadedDataConverter: {
      payloadConverter: [DefaultPayloadConverter],
      failureConverter: [DefaultFailureConverter],
      payloadCodecs: []
    }
  }
}
2025-03-04T12:17:33.277Z [INFO] asset workflow-bundle-059d600e74b8f6394ea6.js 842 KiB [emitted] [immutable] (name: main)
runtime modules 937 bytes 4 modules
modules by path ./rts/node_modules/@temporalio/ 201 KiB
  modules by path ./rts/node_modules/@temporalio/common/lib/ 80.9 KiB
    modules by path ./rts/node_modules/@temporalio/common/lib/*.js 56.3 KiB 16 modules
    modules by path ./rts/node_modules/@temporalio/common/lib/converter/*.js 24.7 KiB 5 modules
  modules by path ./rts/node_modules/@temporalio/workflow/ 120 KiB
    ./rts/node_modules/@temporalio/workflow/lib/worker-interface.js 11.7 KiB [built] [code generated]
    + 15 modules
modules by path ./rts/bundle/ 9.54 KiB
  ./rts/bundle/workflows-autogenerated-entrypoint.cjs 343 bytes [built] [code generated]
  ./rts/bundle/workflows.js 9.21 KiB [built] [code generated]
__temporal_custom_payload_converter (ignored) 15 bytes [built] [code generated]
__temporal_custom_failure_converter (ignored) 15 bytes [built] [code generated]
./rts/node_modules/long/umd/index.js 43.1 KiB [built] [code generated]
./rts/node_modules/ms/dist/index.cjs 3.41 KiB [built] [code generated]
webpack 5.97.1 compiled successfully in 151 ms { sdkComponent: 'worker', taskQueue: 'appsmith-test-queue' }
2025-03-04T12:17:33.278Z [INFO] Workflow bundle created {
  sdkComponent: 'worker',
  taskQueue: 'appsmith-test-queue',
  size: '0.82MB'
}
2025-03-04T12:17:33.360Z [INFO] Worker state changed {
  sdkComponent: 'worker',
  taskQueue: 'appsmith-queue',
  state: 'RUNNING'
}
2025-03-04T12:17:33.362Z [INFO] Worker state changed {
  sdkComponent: 'worker',
  taskQueue: 'appsmith-test-queue',
  state: 'RUNNING'
}
